npm warn Unknown env config "devdir". This will stop working in the next major version of npm.
npm warn tar TAR_ENTRY_ERROR ENOENT: no such file or directory, lstat '/Users/gunnchos/Downloads/gunnchos-7gc-research-product-spine/repos/gunnchAI3k/.worktrees/stream-b-digital-exhaustion/node_modules/iconv-lite/.idea'
npm warn tar TAR_ENTRY_ERROR ENOENT: no such file or directory, lstat '/Users/gunnchos/Downloads/gunnchos-7gc-research-product-spine/repos/gunnchAI3k/.worktrees/stream-b-digital-exhaustion/node_modules/iconv-lite/.idea'
npm warn tar TAR_ENTRY_ERROR ENOENT: no such file or directory, lstat '/Users/gunnchos/Downloads/gunnchos-7gc-research-product-spine/repos/gunnchAI3k/.worktrees/stream-b-digital-exhaustion/node_modules/iconv-lite/.idea'
npm warn tar TAR_ENTRY_ERROR ENOENT: no such file or directory, lstat '/Users/gunnchos/Downloads/gunnchos-7gc-research-product-spine/repos/gunnchAI3k/.worktrees/stream-b-digital-exhaustion/node_modules/iconv-lite/.idea'
npm warn tar TAR_ENTRY_ERROR ENOENT: no such file or directory, lstat '/Users/gunnchos/Downloads/gunnchos-7gc-research-product-spine/repos/gunnchAI3k/.worktrees/stream-b-digital-exhaustion/node_modules/iconv-lite/.idea'
npm warn tar TAR_ENTRY_ERROR ENOENT: no such file or directory, lstat '/Users/gunnchos/Downloads/gunnchos-7gc-research-product-spine/repos/gunnchAI3k/.worktrees/stream-b-digital-exhaustion/node_modules/iconv-lite/.idea'
npm warn deprecated rimraf@3.0.2: Rimraf versions prior to v4 are no longer supported
npm warn tar TAR_ENTRY_ERROR ENOENT: no such file or directory, lstat '/Users/gunnchos/Downloads/gunnchos-7gc-research-product-spine/repos/gunnchAI3k/.worktrees/stream-b-digital-exhaustion/node_modules/pdf-parse/.vscode'
npm warn tar TAR_ENTRY_ERROR ENOENT: no such file or directory, lstat '/Users/gunnchos/Downloads/gunnchos-7gc-research-product-spine/repos/gunnchAI3k/.worktrees/stream-b-digital-exhaustion/node_modules/pdf-parse/.vscode'
npm warn deprecated npmlog@6.0.2: This package is no longer supported.
npm warn deprecated node-domexception@1.0.0: Use your platform's native DOMException instead
npm warn deprecated lodash.get@4.4.2: This package is deprecated. Use the optional chaining (?.) operator instead.
npm warn deprecated json2csv@5.0.7: Package no longer supported. Contact Support at https://www.npmjs.com/support for more info.
npm warn deprecated inflight@1.0.6: This module is not supported, and leaks memory. Do not use it. Check out lru-cache if you want a good and tested way to coalesce async requests by a key value, which is much more comprehensive and powerful.
npm warn deprecated glob@7.2.3: Glob versions prior to v9 are no longer supported
npm warn deprecated gauge@4.0.4: This package is no longer supported.
npm warn deprecated gm@1.25.1: The gm module has been sunset. Please migrate to an alternative. https://github.com/aheckmann/gm?tab=readme-ov-file#2025-02-24-this-project-is-not-maintained
npm warn deprecated @types/natural@6.0.1: This is a stub types definition. natural provides its own type definitions, so you do not need this installed.
npm warn deprecated are-we-there-yet@3.0.1: This package is no longer supported.
npm warn deprecated @npmcli/move-file@1.1.2: This functionality has been moved to @npmcli/fs
npm warn deprecated @humanwhocodes/object-schema@2.0.3: Use @eslint/object-schema instead
npm warn deprecated @humanwhocodes/config-array@0.13.0: Use @eslint/config-array instead
npm warn deprecated rimraf@2.7.1: Rimraf versions prior to v4 are no longer supported
npm warn deprecated npmlog@5.0.1: This package is no longer supported.
npm warn deprecated are-we-there-yet@2.0.0: This package is no longer supported.
npm warn deprecated npmlog@5.0.1: This package is no longer supported.
npm warn deprecated are-we-there-yet@2.0.0: This package is no longer supported.
npm warn deprecated gauge@3.0.2: This package is no longer supported.
npm warn deprecated gauge@3.0.2: This package is no longer supported.
npm warn deprecated eslint@8.57.1: This version is no longer supported. Please see https://eslint.org/version-support for other options.
